V3 3
FL "D:/git repositories/vlsi-system-design/lab/lab 1 - multiplexer/multiplexer_ise/mux_rtl1.vhd" 2023/05/28.13:55:54 J.36
EN isim_temp/mux_rtl1 1685262682 \
      FL "D:/git repositories/vlsi-system-design/lab/lab 1 - multiplexer/multiplexer_ise/mux_rtl1.vhd" \
      PB ieee/std_logic_1164 1179176983 PB ieee/std_logic_arith 1179176985 \
      PB ieee/STD_LOGIC_UNSIGNED 1179176991
AR isim_temp/mux_rtl1/RTL1 1685262683 \
      FL "D:/git repositories/vlsi-system-design/lab/lab 1 - multiplexer/multiplexer_ise/mux_rtl1.vhd" \
      EN isim_temp/mux_rtl1 1685262682
