V3 18
FL "D:/git repositories/vlsi-system-design/lab/lab 1 - multiplexer/multiplexer_ise/mux_rtl1.vhd" 2023/05/28.14:02:32 J.36
EN work/mux_rtl1 1685262890 \
      FL "D:/git repositories/vlsi-system-design/lab/lab 1 - multiplexer/multiplexer_ise/mux_rtl1.vhd" \
      PB ieee/std_logic_1164 1179176983 PB ieee/std_logic_arith 1179176985 \
      PB ieee/STD_LOGIC_UNSIGNED 1179176991
AR work/mux_rtl1/RTL1 1685262891 \
      FL "D:/git repositories/vlsi-system-design/lab/lab 1 - multiplexer/multiplexer_ise/mux_rtl1.vhd" \
      EN work/mux_rtl1 1685262890
FL "D:/git repositories/vlsi-system-design/lab/lab 1 - multiplexer/multiplexer_ise/mux_rtl1_tb.vhw" 2023/05/28.13:58:17 J.36
EN work/mux_rtl1_tb 1685263116 \
      FL "D:/git repositories/vlsi-system-design/lab/lab 1 - multiplexer/multiplexer_ise/mux_rtl1_tb.vhw" \
      PB ieee/std_logic_1164 1179176983 PB ieee/std_logic_arith 1179176985 \
      PB ieee/STD_LOGIC_UNSIGNED 1179176991 PB ieee/STD_LOGIC_TEXTIO 1179176993 \
      PB std/textio 1179176969
AR work/mux_rtl1_tb/testbench_arch 1685263117 \
      FL "D:/git repositories/vlsi-system-design/lab/lab 1 - multiplexer/multiplexer_ise/mux_rtl1_tb.vhw" \
      EN work/mux_rtl1_tb 1685263116 CP mux_rtl1
FL "D:/git repositories/vlsi-system-design/lab/lab 1 - multiplexer/multiplexer_ise/SELECTOR.vhd" 2023/05/28.13:50:52 J.36
EN work/SELECTOR 1685262217 \
      FL "D:/git repositories/vlsi-system-design/lab/lab 1 - multiplexer/multiplexer_ise/SELECTOR.vhd" \
      PB ieee/std_logic_1164 1179176983 PB ieee/std_logic_arith 1179176985 \
      PB ieee/STD_LOGIC_UNSIGNED 1179176991
AR work/SELECTOR/RTL1 1685262218 \
      FL "D:/git repositories/vlsi-system-design/lab/lab 1 - multiplexer/multiplexer_ise/SELECTOR.vhd" \
      EN work/SELECTOR 1685262217
AR work/SELECTOR/RTL2 1685262219 \
      FL "D:/git repositories/vlsi-system-design/lab/lab 1 - multiplexer/multiplexer_ise/SELECTOR.vhd" \
      EN work/SELECTOR 1685262217
AR work/SELECTOR/RTL3 1685262220 \
      FL "D:/git repositories/vlsi-system-design/lab/lab 1 - multiplexer/multiplexer_ise/SELECTOR.vhd" \
      EN work/SELECTOR 1685262217
AR work/SELECTOR/RTL4 1685262221 \
      FL "D:/git repositories/vlsi-system-design/lab/lab 1 - multiplexer/multiplexer_ise/SELECTOR.vhd" \
      EN work/SELECTOR 1685262217
FL "D:/git repositories/vlsi-system-design/lab/lab 1 - multiplexer/multiplexer_ise/SELECTOR_TB.vhd" 2023/05/28.13:52:35 J.36
EN work/SELECTOR_TB 0 \
      FL "D:/git repositories/vlsi-system-design/lab/lab 1 - multiplexer/multiplexer_ise/SELECTOR_TB.vhd" \
      PB ieee/std_logic_1164 1179176983 PB ieee/STD_LOGIC_UNSIGNED 1179176991
AR work/SELECTOR_TB/TB 0 \
      FL "D:/git repositories/vlsi-system-design/lab/lab 1 - multiplexer/multiplexer_ise/SELECTOR_TB.vhd" \
      EN work/SELECTOR_TB 0 CP SELECTOR
CF work/SELECTOR_CFG 0 \
      FL "D:/git repositories/vlsi-system-design/lab/lab 1 - multiplexer/multiplexer_ise/SELECTOR_TB.vhd" \
      AR work/SELECTOR/RTL1 1685262218 AR work/SELECTOR/RTL2 1685262219 \
      AR work/SELECTOR/RTL3 1685262220 AR work/SELECTOR/RTL4 1685262221 \
      AR work/SELECTOR_TB/TB 0
