EN equal NULL "D:/git repositories/vlsi-system-design/lab/lab 2 - comparator/comparator_ise/EQUAL.vhd" sub00/vhpl00 1685264426
AR comparator rtl "D:/git repositories/vlsi-system-design/lab/lab 2 - comparator/comparator_ise/comparator.vhd" sub00/vhpl04 1685265753
EN comparator NULL "D:/git repositories/vlsi-system-design/lab/lab 2 - comparator/comparator_ise/comparator.vhd" sub00/vhpl03 1685265752
AR equal rtl_for "D:/git repositories/vlsi-system-design/lab/lab 2 - comparator/comparator_ise/EQUAL.vhd" sub00/vhpl01 1685264427
AR equal rtl_operator "D:/git repositories/vlsi-system-design/lab/lab 2 - comparator/comparator_ise/EQUAL.vhd" sub00/vhpl02 1685264428
