V3 8
FL "D:/git repositories/vlsi-system-design/lab/lab 2 - comparator/comparator_ise/comparator.vhd" 2023/05/28.20:04:14 J.36
EN work/comparator 1685326772 \
      FL "D:/git repositories/vlsi-system-design/lab/lab 2 - comparator/comparator_ise/comparator.vhd" \
      PB ieee/std_logic_1164 1177545575 PB ieee/std_logic_arith 1177545576 \
      PB ieee/STD_LOGIC_UNSIGNED 1177545583
AR work/comparator/rtl 1685326773 \
      FL "D:/git repositories/vlsi-system-design/lab/lab 2 - comparator/comparator_ise/comparator.vhd" \
      EN work/comparator 1685326772
FL "D:/git repositories/vlsi-system-design/lab/lab 2 - comparator/comparator_ise/EQUAL.vhd" 2023/05/28.14:31:47 J.36
EN work/EQUAL 0 \
      FL "D:/git repositories/vlsi-system-design/lab/lab 2 - comparator/comparator_ise/EQUAL.vhd" \
      PB ieee/std_logic_1164 1177545575 PB ieee/std_logic_arith 1177545576 \
      PB ieee/STD_LOGIC_UNSIGNED 1177545583
AR work/EQUAL/RTL_FOR 0 \
      FL "D:/git repositories/vlsi-system-design/lab/lab 2 - comparator/comparator_ise/EQUAL.vhd" \
      EN work/EQUAL 0
AR work/EQUAL/RTL_STRUCTURAL 0 \
      FL "D:/git repositories/vlsi-system-design/lab/lab 2 - comparator/comparator_ise/EQUAL.vhd" \
      EN work/EQUAL 0
AR work/EQUAL/RTL_OPERATOR 0 \
      FL "D:/git repositories/vlsi-system-design/lab/lab 2 - comparator/comparator_ise/EQUAL.vhd" \
      EN work/EQUAL 0
