AR dff rtl "D:/git repositories/vlsi-system-design/lab/lab 5 - flipflop/flipflop_ise/DFF.vhd" sub00/vhpl03 1685272607
EN dff NULL "D:/git repositories/vlsi-system-design/lab/lab 5 - flipflop/flipflop_ise/DFF.vhd" sub00/vhpl02 1685272606
AR dffqn rtl "D:/git repositories/vlsi-system-design/lab/lab 5 - flipflop/flipflop_ise/DFFQN.vhd" sub00/vhpl01 1684715635
AR jkff_wf testbench_arch "D:/git repositories/vlsi-system-design/lab/lab 5 - flipflop/flipflop_ise/jkff_wf.vhw" sub00/vhpl11 1685273328
EN jkff_wf NULL "D:/git repositories/vlsi-system-design/lab/lab 5 - flipflop/flipflop_ise/jkff_wf.vhw" sub00/vhpl10 1685273327
AR dff_wf testbench_arch "D:/git repositories/vlsi-system-design/lab/lab 5 - flipflop/flipflop_ise/dff_wf.vhw" sub00/vhpl05 1685272669
EN dff_wf NULL "D:/git repositories/vlsi-system-design/lab/lab 5 - flipflop/flipflop_ise/dff_wf.vhw" sub00/vhpl04 1685272668
EN dffqn NULL "D:/git repositories/vlsi-system-design/lab/lab 5 - flipflop/flipflop_ise/DFFQN.vhd" sub00/vhpl00 1684715634
EN jkff NULL "D:/git repositories/vlsi-system-design/lab/lab 5 - flipflop/flipflop_ise/JKFF.vhd" sub00/vhpl08 1685273325
EN dffqn_wf NULL "D:/git repositories/vlsi-system-design/lab/lab 5 - flipflop/flipflop_ise/dffqn_wf.vhw" sub00/vhpl06 1685272858
AR dffqn_wf testbench_arch "D:/git repositories/vlsi-system-design/lab/lab 5 - flipflop/flipflop_ise/dffqn_wf.vhw" sub00/vhpl07 1685272859
AR jkff rtl "D:/git repositories/vlsi-system-design/lab/lab 5 - flipflop/flipflop_ise/JKFF.vhd" sub00/vhpl09 1685273326
