EN mealy NULL "D:/git repositories/vlsi-system-design/lab/lab 7 - finite state machine/fsm_ise/mealy.vhd" sub00/vhpl03 1685278689
AR moore behavioral "D:/git repositories/vlsi-system-design/lab/lab 7 - finite state machine/fsm_ise/moore.vhd" sub00/vhpl02 1685279018
EN moore NULL "D:/git repositories/vlsi-system-design/lab/lab 7 - finite state machine/fsm_ise/moore.vhd" sub00/vhpl01 1685279017
AR mealy behavioral "D:/git repositories/vlsi-system-design/lab/lab 7 - finite state machine/fsm_ise/mealy.vhd" sub00/vhpl04 1685278690
EN mealy_fsm NULL "D:/git repositories/vlsi-system-design/lab/lab 7 - finite state machine/fsm_ise/MEALY_FSM.vhd" sub00/vhpl00 1684716213
