AR johnson_counter behavioral "D:/git repositories/vlsi-system-design/lab/lab 4 - counter/counter_ise/Johnson_counter.vhd" sub00/vhpl01 1685330383
EN acnt NULL "D:/git repositories/vlsi-system-design/lab/lab 4 - counter/counter_ise/ACNT.vhd" sub00/vhpl08 1685369644
AR updown_counter behavioral "D:/git repositories/vlsi-system-design/lab/lab 4 - counter/counter_ise/updown_counter.vhd" sub00/vhpl07 1685330468
EN johnson_counter NULL "D:/git repositories/vlsi-system-design/lab/lab 4 - counter/counter_ise/Johnson_counter.vhd" sub00/vhpl00 1685330382
EN updown_counter NULL "D:/git repositories/vlsi-system-design/lab/lab 4 - counter/counter_ise/updown_counter.vhd" sub00/vhpl05 1685330467
AR pulse_counter rtl "D:/git repositories/vlsi-system-design/lab/lab 4 - counter/counter_ise/PULSE_COUNTER.vhd" sub00/vhpl06 1685330423
EN ring_counter NULL "D:/git repositories/vlsi-system-design/lab/lab 4 - counter/counter_ise/Ring_counter.vhd" sub00/vhpl03 1685330433
EN pulse_counter NULL "D:/git repositories/vlsi-system-design/lab/lab 4 - counter/counter_ise/PULSE_COUNTER.vhd" sub00/vhpl02 1685330422
EN jkff NULL "D:/git repositories/vlsi-system-design/lab/lab 5 - flipflop/flipflop_ise/JKFF.vhd" sub00/vhpl10 1685369642
AR jkff rtl "D:/git repositories/vlsi-system-design/lab/lab 5 - flipflop/flipflop_ise/JKFF.vhd" sub00/vhpl11 1685369643
AR acnt rtl "D:/git repositories/vlsi-system-design/lab/lab 4 - counter/counter_ise/ACNT.vhd" sub00/vhpl09 1685369645
AR ring_counter behavioral "D:/git repositories/vlsi-system-design/lab/lab 4 - counter/counter_ise/Ring_counter.vhd" sub00/vhpl04 1685330434
