V3 9
FL "D:/git repositories/vlsi-system-design/lab/lab 1 - multiplexer/multiplexer_ise/mux_rtl1.vhd" 2023/05/28.20:04:14 J.36
EN work/mux_rtl1 1685325352 \
      FL "D:/git repositories/vlsi-system-design/lab/lab 1 - multiplexer/multiplexer_ise/mux_rtl1.vhd" \
      PB ieee/std_logic_1164 1177545575 PB ieee/std_logic_arith 1177545576 \
      PB ieee/STD_LOGIC_UNSIGNED 1177545583
AR work/mux_rtl1/RTL1 1685325353 \
      FL "D:/git repositories/vlsi-system-design/lab/lab 1 - multiplexer/multiplexer_ise/mux_rtl1.vhd" \
      EN work/mux_rtl1 1685325352
FL "D:/git repositories/vlsi-system-design/lab/lab 1 - multiplexer/multiplexer_ise/SELECTOR.vhd" 2023/05/28.13:50:52 J.36
EN work/SELECTOR 1685262111 \
      FL "D:/git repositories/vlsi-system-design/lab/lab 1 - multiplexer/multiplexer_ise/SELECTOR.vhd" \
      PB ieee/std_logic_1164 1177545575 PB ieee/std_logic_arith 1177545576 \
      PB ieee/STD_LOGIC_UNSIGNED 1177545583
AR work/SELECTOR/RTL1 1685262112 \
      FL "D:/git repositories/vlsi-system-design/lab/lab 1 - multiplexer/multiplexer_ise/SELECTOR.vhd" \
      EN work/SELECTOR 1685262111
AR work/SELECTOR/RTL2 1685262113 \
      FL "D:/git repositories/vlsi-system-design/lab/lab 1 - multiplexer/multiplexer_ise/SELECTOR.vhd" \
      EN work/SELECTOR 1685262111
AR work/SELECTOR/RTL3 1685262114 \
      FL "D:/git repositories/vlsi-system-design/lab/lab 1 - multiplexer/multiplexer_ise/SELECTOR.vhd" \
      EN work/SELECTOR 1685262111
AR work/SELECTOR/RTL4 1685262115 \
      FL "D:/git repositories/vlsi-system-design/lab/lab 1 - multiplexer/multiplexer_ise/SELECTOR.vhd" \
      EN work/SELECTOR 1685262111
